[nayrathemes.com/demo/html/startkit/index.html]
[nayrathemes.com/demo/html/startkit/assets/img/favicon.png]
[backblue.gif]
[fade.gif]
[index.html]
[nayrathemes.com/demo/html/startkit/index-2.html]
[nayrathemes.com/demo/html/startkit/about-us.html]
[nayrathemes.com/demo/html/startkit/portfolio-2-column.html]
[nayrathemes.com/demo/html/startkit/portfolio-4-column.html]
[nayrathemes.com/demo/html/startkit/gallery.html]
[nayrathemes.com/demo/html/startkit/blog-left-sidebar.html]
[nayrathemes.com/demo/html/startkit/blog-single.html]
[nayrathemes.com/demo/html/startkit/assets/img/homepage/recent/recentimg01.png]
[nayrathemes.com/demo/html/startkit/assets/img/homepage/slider/slider02.jpg]
[nayrathemes.com/demo/html/startkit/assets/img/homepage/slider/slider03.jpg]
[nayrathemes.com/demo/html/startkit/assets/img/homepage/portfolio/portfolio01.jpg]
[nayrathemes.com/demo/html/startkit/assets/img/portfolio-hover.png]
[nayrathemes.com/demo/html/startkit/assets/img/homepage/portfolio/portfolio03.jpg]
[nayrathemes.com/demo/html/startkit/assets/img/homepage/portfolio/portfolio04.jpg]
[nayrathemes.com/demo/html/startkit/assets/img/homepage/portfolio/portfolio05.jpg]
[nayrathemes.com/demo/html/startkit/assets/img/homepage/service/serviceicon03.png]
[nayrathemes.com/demo/html/startkit/assets/img/homepage/team/team01.jpg]
[nayrathemes.com/demo/html/startkit/assets/img/homepage/team/team02.jpg]
[nayrathemes.com/demo/html/startkit/assets/img/homepage/team/team03.jpg]
[nayrathemes.com/demo/html/startkit/assets/img/homepage/team/team04.jpg]
[nayrathemes.com/demo/html/startkit/assets/img/homepage/testimonial/testimonial01.png]
[nayrathemes.com/demo/html/startkit/assets/img/homepage/testimonial/testimonial03.png]
[nayrathemes.com/demo/html/startkit/assets/img/homepage/blog/blog02.jpg]
[nayrathemes.com/demo/html/startkit/assets/img/footerlogo.png]
[nayrathemes.com/demo/html/startkit/assets/img/homepage/recent/recentimg02.png]
[nayrathemes.com/demo/html/startkit/assets/js/popper.min.js]
[nayrathemes.com/demo/html/startkit/assets/js/jquery.sticky.js]
[nayrathemes.com/demo/html/startkit/assets/js/jquery.counterup.min.js]
[nayrathemes.com/demo/html/startkit/assets/js/jquery.meanmenu.min.js]
[cdnjs.cloudflare.com/ajax/libs/gsap/latest/TweenMax.min.js]
[cdnjs.cloudflare.com/ajax/libs/gsap/latest/plugins/ScrollToPlugin.min.js]
[nayrathemes.com/demo/html/startkit/assets/js/custom.js]
[nayrathemes.com/demo/html/startkit/demo/demo.js]
[nayrathemes.com/demo/html/startkit/index.html]
[nayrathemes.com/demo/html/startkit/assets/css/responsive.css]
[nayrathemes.com/demo/html/startkit/assets/css/colors/default.css]
[nayrathemes.com/demo/html/startkit/assets/img/owlbtn-2.png]
[nayrathemes.com/demo/html/startkit/assets/css/colors/default2.css]
[nayrathemes.com/demo/html/startkit/assets/img/owlbtn-hover-4.png]
[nayrathemes.com/demo/html/startkit/assets/css/colors/default4.css]
[nayrathemes.com/demo/html/startkit/assets/img/owlbtn-6.png]
[nayrathemes.com/demo/html/startkit/assets/css/colors/default6.css]
[nayrathemes.com/demo/html/startkit/assets/img/owlbtn-8.png]
[nayrathemes.com/demo/html/startkit/assets/css/colors/default8.css]
[nayrathemes.com/demo/html/startkit/assets/img/owlbtn-9.png]
[nayrathemes.com/demo/html/startkit/assets/css/colors/default10.css]
[nayrathemes.com/demo/html/startkit/index-2.html]
[nayrathemes.com/demo/html/startkit/@]
[nayrathemes.com/demo/html/startkit/assets/img/logo.png]
[nayrathemes.com/demo/html/startkit/assets/img/aboutus/play-icon.png]
[nayrathemes.com/demo/html/startkit/assets/img/aboutus/clients/client-3.png]
[nayrathemes.com/demo/html/startkit/assets/img/aboutus/clients/client-4.png]
[nayrathemes.com/demo/html/startkit/assets/js/jquery.magnific-popup.min.js]
[nayrathemes.com/demo/html/startkit/about-us.html]
[nayrathemes.com/demo/html/startkit/service.html]
[nayrathemes.com/demo/html/startkit/assets/img/portfolio/2-column/portfolio01.jpg]
[nayrathemes.com/demo/html/startkit/assets/img/portfolio/2-column/portfolio02.jpg]
[nayrathemes.com/demo/html/startkit/assets/img/portfolio/2-column/portfolio04.jpg]
[nayrathemes.com/demo/html/startkit/assets/img/portfolio/2-column/portfolio05.jpg]
[nayrathemes.com/demo/html/startkit/assets/img/portfolio/2-column/portfolio07.jpg]
[nayrathemes.com/demo/html/startkit/assets/img/portfolio/2-column/portfolio08.jpg]
[nayrathemes.com/demo/html/startkit/assets/img/portfolio/2-column/exclusive02.jpg]
[nayrathemes.com/demo/html/startkit/portfolio-2-column.html]
[nayrathemes.com/demo/html/startkit/portfolio-3-column.html]
[nayrathemes.com/demo/html/startkit/assets/img/portfolio/4-column/portfolio02.jpg]
[nayrathemes.com/demo/html/startkit/assets/img/portfolio/4-column/portfolio03.jpg]
[nayrathemes.com/demo/html/startkit/assets/img/portfolio/4-column/portfolio04.jpg]
[nayrathemes.com/demo/html/startkit/assets/img/portfolio/4-column/portfolio06.jpg]
[nayrathemes.com/demo/html/startkit/assets/img/portfolio/4-column/portfolio09.jpg]
[nayrathemes.com/demo/html/startkit/assets/img/portfolio/4-column/portfolio12.jpg]
[nayrathemes.com/demo/html/startkit/assets/img/portfolio/4-column/portfolio13.jpg]
[nayrathemes.com/demo/html/startkit/assets/img/portfolio/4-column/portfolio15.jpg]
[nayrathemes.com/demo/html/startkit/assets/img/portfolio/4-column/exclusive02.jpg]
[nayrathemes.com/demo/html/startkit/assets/img/portfolio/4-column/exclusive03.jpg]
[nayrathemes.com/demo/html/startkit/portfolio-4-column.html]
[nayrathemes.com/demo/html/startkit/assets/img/gallery/galleryitem01.jpg]
[nayrathemes.com/demo/html/startkit/assets/img/gallery/gallery-icon.png]
[nayrathemes.com/demo/html/startkit/assets/img/gallery/galleryitem04.jpg]
[nayrathemes.com/demo/html/startkit/assets/img/gallery/galleryitem05.jpg]
[nayrathemes.com/demo/html/startkit/assets/img/gallery/galleryitem07.jpg]
[nayrathemes.com/demo/html/startkit/assets/img/gallery/galleryitem09.jpg]
[nayrathemes.com/demo/html/startkit/gallery.html]
[nayrathemes.com/demo/html/startkit/assets/img/blog/blogpost01.jpg]
[nayrathemes.com/demo/html/startkit/assets/img/blog/blogpost02.jpg]
[nayrathemes.com/demo/html/startkit/assets/img/blog/blogpost04.jpg]
[nayrathemes.com/demo/html/startkit/assets/img/blog/recentpost01.jpg]
[nayrathemes.com/demo/html/startkit/blog-left-sidebar.html]
[nayrathemes.com/demo/html/startkit/blog-right-sidebar.html]
[nayrathemes.com/demo/html/startkit/blog-single.html]
[nayrathemes.com/demo/html/startkit/contact-us.html]
[nayrathemes.com/demo/html/startkit/assets/img/homepage/portfolio/portfolio06.jpg]
[nayrathemes.com/demo/html/startkit/assets/img/homepage/portfolio/portfolio02.jpg]
[nayrathemes.com/demo/html/startkit/assets/img/homepage/service/serviceicon02.png]
[nayrathemes.com/demo/html/startkit/assets/img/homepage/testimonial/testimonial02.png]
[nayrathemes.com/demo/html/startkit/assets/img/homepage/blog/blog03.jpg]
[nayrathemes.com/demo/html/startkit/assets/js/jquery-3.2.1.min.js]
[nayrathemes.com/demo/html/startkit/assets/js/bootstrap.min.js]
[nayrathemes.com/demo/html/startkit/assets/js/jquery.shuffle.min.js]
[nayrathemes.com/demo/html/startkit/assets/js/map-script.js]
[nayrathemes.com/demo/html/startkit/demo/demo.css]
[nayrathemes.com/demo/html/startkit/assets/img/owlbtn-hover-1.png]
[nayrathemes.com/demo/html/startkit/assets/css/colors/default1.css]
[nayrathemes.com/demo/html/startkit/assets/img/owlbtn-4.png]
[nayrathemes.com/demo/html/startkit/assets/css/colors/default7.css]
[nayrathemes.com/demo/html/startkit/assets/img/owlbtn-hover-6.png]
[nayrathemes.com/demo/html/startkit/@]
[nayrathemes.com/demo/html/startkit/assets/img/owlbtn-hover-8.png]
[nayrathemes.com/demo/html/startkit/assets/img/aboutus/clients/client-1.png]
[nayrathemes.com/demo/html/startkit/assets/img/service/serviceicon02.png]
[nayrathemes.com/demo/html/startkit/service.html]
[nayrathemes.com/demo/html/startkit/assets/img/portfolio/2-column/portfolio06.jpg]
[nayrathemes.com/demo/html/startkit/assets/img/portfolio/2-column/portfolio03.jpg]
[nayrathemes.com/demo/html/startkit/assets/img/portfolio/2-column/exclusive01.jpg]
[nayrathemes.com/demo/html/startkit/assets/img/portfolio/3-column/portfolio01.jpg]
[nayrathemes.com/demo/html/startkit/assets/img/portfolio/3-column/portfolio03.jpg]
[nayrathemes.com/demo/html/startkit/assets/img/portfolio/3-column/portfolio06.jpg]
[nayrathemes.com/demo/html/startkit/assets/img/portfolio/3-column/portfolio07.jpg]
[nayrathemes.com/demo/html/startkit/assets/img/portfolio/3-column/portfolio09.jpg]
[nayrathemes.com/demo/html/startkit/assets/img/portfolio/3-column/portfolio10.jpg]
[nayrathemes.com/demo/html/startkit/assets/img/portfolio/3-column/portfolio12.jpg]
[nayrathemes.com/demo/html/startkit/assets/img/portfolio/3-column/exclusive03.jpg]
[nayrathemes.com/demo/html/startkit/portfolio-3-column.html]
[nayrathemes.com/demo/html/startkit/assets/img/portfolio/4-column/portfolio05.jpg]
[nayrathemes.com/demo/html/startkit/assets/img/portfolio/4-column/portfolio07.jpg]
[nayrathemes.com/demo/html/startkit/assets/img/portfolio/4-column/portfolio08.jpg]
[nayrathemes.com/demo/html/startkit/assets/img/portfolio/4-column/portfolio11.jpg]
[nayrathemes.com/demo/html/startkit/assets/img/portfolio/4-column/exclusive01.jpg]
[nayrathemes.com/demo/html/startkit/assets/img/portfolio/4-column/exclusive04.jpg]
[nayrathemes.com/demo/html/startkit/portfolio-masonary.html]
[nayrathemes.com/demo/html/startkit/assets/img/gallery/galleryitem06.jpg]
[nayrathemes.com/demo/html/startkit/assets/img/gallery/galleryitem08.jpg]
[nayrathemes.com/demo/html/startkit/blog-right-sidebar.html]
[nayrathemes.com/demo/html/startkit/assets/img/blog/blogpost03.jpg]
[nayrathemes.com/demo/html/startkit/assets/img/blog/avatar01.png]
[nayrathemes.com/demo/html/startkit/contact-us.html]
[nayrathemes.com/demo/html/startkit/assets/img/homepage/blog/blog01.jpg]
[nayrathemes.com/demo/html/startkit/assets/js/wow.min.js]
[nayrathemes.com/demo/html/startkit/demo/styleswitcher.js]
[nayrathemes.com/demo/html/startkit/assets/img/pattern.png]
[nayrathemes.com/demo/html/startkit/assets/img/owlbtn.png]
[nayrathemes.com/demo/html/startkit/assets/img/owlbtn-hover.png]
[nayrathemes.com/demo/html/startkit/assets/img/homepage/features/features03.jpg]
[nayrathemes.com/demo/html/startkit/assets/img/homepage/background/factbg.jpg]
[nayrathemes.com/demo/html/startkit/assets/img/homepage/background/subscribebg.jpg]
[nayrathemes.com/demo/html/startkit/assets/img/homepage/pricing/pricingbg.png]
[nayrathemes.com/demo/html/startkit/assets/img/breadcumb-bg.jpg]
[nayrathemes.com/demo/html/startkit/assets/img/aboutus/video-bg.jpg]
[nayrathemes.com/demo/html/startkit/assets/img/aboutus/skillbg01.jpg]
[nayrathemes.com/demo/html/startkit/assets/css/style.css]
[nayrathemes.com/demo/html/startkit/assets/img/owlbtn-1.png]
[nayrathemes.com/demo/html/startkit/assets/css/colors/default3.css]
[nayrathemes.com/demo/html/startkit/assets/img/owlbtn-5.png]
[nayrathemes.com/demo/html/startkit/assets/css/colors/default5.css]
[nayrathemes.com/demo/html/startkit/assets/css/colors/default9.css]
[nayrathemes.com/demo/html/startkit/assets/img/owlbtn-7.png]
[nayrathemes.com/demo/html/startkit/assets/img/owlbtn-hover-7.png]
[nayrathemes.com/demo/html/startkit/assets/img/owlbtn-hover-9.png]
[nayrathemes.com/demo/html/startkit/assets/img/service/serviceicon03.png]
[nayrathemes.com/demo/html/startkit/assets/img/service/serviceicon04.png]
[nayrathemes.com/demo/html/startkit/assets/img/portfolio/3-column/portfolio02.jpg]
[nayrathemes.com/demo/html/startkit/assets/img/portfolio/3-column/portfolio05.jpg]
[nayrathemes.com/demo/html/startkit/assets/img/portfolio/3-column/exclusive02.jpg]
[nayrathemes.com/demo/html/startkit/assets/img/portfolio/4-column/portfolio01.jpg]
[nayrathemes.com/demo/html/startkit/assets/img/portfolio/4-column/portfolio10.jpg]
[nayrathemes.com/demo/html/startkit/assets/img/portfolio/4-column/portfolio16.jpg]
[nayrathemes.com/demo/html/startkit/portfolio-masonary.html]
[nayrathemes.com/demo/html/startkit/blog-full-width.html]
[nayrathemes.com/demo/html/startkit/assets/img/homepage/slider/slider01.jpg]
[nayrathemes.com/demo/html/startkit/assets/js/owl.carousel.min.js]
[nayrathemes.com/demo/html/startkit/assets/img/gallery/galleryitem03.jpg]
[nayrathemes.com/demo/html/startkit/assets/fonts/icofont7858.eot]
[nayrathemes.com/demo/html/startkit/assets/fonts/icofont7858.woff]
[nayrathemes.com/demo/html/startkit/assets/css/icofont.css]
[nayrathemes.com/demo/html/startkit/assets/css/meanmenu.min.css]
[nayrathemes.com/demo/html/startkit/assets/css/animate.css]
[nayrathemes.com/demo/html/startkit/assets/css/widget.css]
[nayrathemes.com/demo/html/startkit/assets/img/navbarbg.png]
[nayrathemes.com/demo/html/startkit/assets/img/homepage/background/calloutbg.jpg]
[nayrathemes.com/demo/html/startkit/assets/img/homepage/features/features01.jpg]
[nayrathemes.com/demo/html/startkit/assets/img/homepage/features/features02.jpg]
[nayrathemes.com/demo/html/startkit/assets/img/homepage/features/features04.jpg]
[nayrathemes.com/demo/html/startkit/assets/img/owlbtn-hover-2.png]
[nayrathemes.com/demo/html/startkit/assets/img/aboutus/clients/client-2.png]
[nayrathemes.com/demo/html/startkit/assets/img/service/serviceicon01.png]
[nayrathemes.com/demo/html/startkit/assets/img/portfolio/3-column/portfolio11.jpg]
[nayrathemes.com/demo/html/startkit/assets/img/portfolio/3-column/exclusive01.jpg]
[nayrathemes.com/demo/html/startkit/assets/img/portfolio/4-column/portfolio14.jpg]
[nayrathemes.com/demo/html/startkit/assets/img/gallery/galleryitem02.jpg]
[nayrathemes.com/demo/html/startkit/assets/img/blog/recentpost02.jpg]
[nayrathemes.com/demo/html/startkit/assets/css/bootstrap.min.css]
[nayrathemes.com/demo/html/startkit/assets/fonts/icofont7858.ttf]
[nayrathemes.com/demo/html/startkit/assets/fonts/icofont7858.svg]
[nayrathemes.com/demo/html/startkit/assets/css/owl.video.play.ba.delayed]
[nayrathemes.com/demo/html/startkit/assets/css/owl.carousel.min.css]
[nayrathemes.com/demo/html/startkit/assets/css/owl.theme.default.min.css]
[nayrathemes.com/demo/html/startkit/assets/img/portfolio/3-column/portfolio04.jpg]
[nayrathemes.com/demo/html/startkit/assets/img/portfolio/3-column/portfolio08.jpg]
[nayrathemes.com/demo/html/startkit/assets/css/font-awesome.min.css]
[nayrathemes.com/demo/html/startkit/assets/img/owlbtn-hover-5.png]
[nayrathemes.com/demo/html/startkit/assets/css/magnific-popup.css]
[nayrathemes.com/demo/html/startkit/assets/css/owl.video.play.html]
